[ssimoulds.com/index.html]
[backblue.gif]
[fade.gif]
[index.html]
[ssimoulds.com/css/white_red/styles.css]
[ssimoulds.com/css/index.css]
[ssimoulds.com/css/general.css]
[ssimoulds.com/css/reset.css]
[ssimoulds.com/css/typography.css]
[ssimoulds.com/css/slimbox/slimbox2.css]
[ssimoulds.com/js/jquery-1.3.2.min.js]
[ssimoulds.com/js/cufon-yui.js]
[ssimoulds.com/js/Anivers_400.font.js]
[ssimoulds.com/js/jqueryslidemenu.js]
[ssimoulds.com/js/jquery.cycle.js]
[ssimoulds.com/js/slimbox2.js]
[ssimoulds.com/js/custom.js]
[www.google-analytics.com/analytics.js]
[ssimoulds.com/home.html]
[ssimoulds.com/about.html]
[ssimoulds.com/products.html]
[ssimoulds.com/automotive.html]
[ssimoulds.com/electronics.html]
[ssimoulds.com/appliances.html]
[ssimoulds.com/household.html]
[ssimoulds.com/hardware.html]
[ssimoulds.com/thermoformed.html]
[ssimoulds.com/services.html]
[ssimoulds.com/contract.html]
[ssimoulds.com/development.html]
[ssimoulds.com/moulds.html]
[ssimoulds.com/moulding.html]
[ssimoulds.com/thermoforming.html]
[ssimoulds.com/catalog.html]
[ssimoulds.com/contact.html]
[ssimoulds.com/sitemap.html]
[ssimoulds.com/images/tunnel_slide.jpg]
[ssimoulds.com/images/garden_slide.jpg]
[ssimoulds.com/images/tgv_slide.jpg]
[ssimoulds.com/images/future_slide.jpg]
[ssimoulds.com/images/fw_img1.jpg]
[ssimoulds.com/images/fw_img2.jpg]
[ssimoulds.com/images/fw_img3.jpg]
[ssimoulds.com/terms.html]
[ssimoulds.com/index.html]
[ssimoulds.com/css/white_red/logo.png]
[ssimoulds.com/css/white_red/search_bg.gif]
[ssimoulds.com/css/white_red/calendar_icon.gif]
[ssimoulds.com/css/white_red/bg_button_a.png]
[ssimoulds.com/css/white_red/bg_button_span.png]
[ssimoulds.com/css/white_red/hheader_bg.png]
[ssimoulds.com/css/white_red/wcontent_bg.gif]
[ssimoulds.com/css/white_red/content_top.gif]
[ssimoulds.com/css/white_red/box_top.png]
[ssimoulds.com/css/white_red/box_bottom.png]
[ssimoulds.com/css/white_red/pdf_icon.png]
[ssimoulds.com/css/white_red/header_bg.png]
[ssimoulds.com/css/white_red/nav_arrow.gif]
[ssimoulds.com/css/white_red/comment_input_bg.gif]
[ssimoulds.com/css/white_red/textarea_bg.gif]
[ssimoulds.com/css/white_red/slide_control.gif]
[ssimoulds.com/css/white_red/service_arrow.gif]
[ssimoulds.com/css/white_red/list_bullet.gif]
[ssimoulds.com/css/white_red/contact_input_bg.gif]
[ssimoulds.com/css/white_red/contact_textarea_bg.gif]
[ssimoulds.com/css/white_red/tbl_left_rounded.gif]
[ssimoulds.com/css/white_red/tbl_right_rounded.gif]
[ssimoulds.com/css/white_red/styles.css]
[ssimoulds.com/css/index.css]
[ssimoulds.com/images/slide_bullet.png]
[ssimoulds.com/images/hcontact_bg.png]
[ssimoulds.com/css/general.css]
[ssimoulds.com/css/reset.css]
[ssimoulds.com/css/typography.css]
[ssimoulds.com/css/slimbox/loading.gif]
[ssimoulds.com/css/slimbox/prevlabel.gif]
[ssimoulds.com/css/slimbox/nextlabel.gif]
[ssimoulds.com/css/slimbox/closelabel.gif]
[ssimoulds.com/css/slimbox/slimbox2.css]
[ssimoulds.com/home.html]
[ssimoulds.com/images/contact_icon.png]
[ssimoulds.com/images/minda.jpg]
[ssimoulds.com/images/lumax.jpg]
[ssimoulds.com/images/ntl.jpg]
[ssimoulds.com/images/neolite.jpg]
[ssimoulds.com/images/britax.jpg]
[ssimoulds.com/images/willwin.jpg]
[ssimoulds.com/images/hpl.jpg]
[ssimoulds.com/images/eon.jpg]
[ssimoulds.com/images/bentex.jpg]
[ssimoulds.com/images/ppi.jpg]
[ssimoulds.com/images/ultra.jpg]
[ssimoulds.com/images/vs.jpg]
[ssimoulds.com/images/nutech.jpg]
[ssimoulds.com/images/cata.jpg]
[ssimoulds.com/images/padmini.jpg]
[ssimoulds.com/images/marsun.jpg]
[ssimoulds.com/images/hicon.jpg]
[ssimoulds.com/images/myriad.jpg]
[ssimoulds.com/images/svarn.jpg]
[ssimoulds.com/about.html]
[ssimoulds.com/images/blog_img1.png]
[ssimoulds.com/images/blog_img2.png]
[ssimoulds.com/images/blog_img3.png]
[ssimoulds.com/images/blog_img4.png]
[ssimoulds.com/images/blog_img5.png]
[ssimoulds.com/images/blog_img6.png]
[ssimoulds.com/products.html]
[ssimoulds.com/images/lamps.png]
[ssimoulds.com/images/engine.png]
[ssimoulds.com/automotive.html]
[ssimoulds.com/images/holder.png]
[ssimoulds.com/images/insert.png]
[ssimoulds.com/electronics.html]
[ssimoulds.com/images/crate.png]
[ssimoulds.com/images/cover.png]
[ssimoulds.com/appliances.html]
[ssimoulds.com/images/contain.png]
[ssimoulds.com/images/machine.png]
[ssimoulds.com/household.html]
[ssimoulds.com/images/sofa.png]
[ssimoulds.com/developmemt.html]
[ssimoulds.com/images/fix.png]
[ssimoulds.com/hardware.html]
[ssimoulds.com/images/packing.png]
[ssimoulds.com/images/pack.png]
[ssimoulds.com/thermoformed.html]
[ssimoulds.com/images/shake.png]
[ssimoulds.com/images/custom.png]
[ssimoulds.com/images/mould.png]
[ssimoulds.com/images/moulding.png]
[ssimoulds.com/images/cutlery.png]
[ssimoulds.com/services.html]
[ssimoulds.com/images/inject.png]
[ssimoulds.com/images/enclose.png]
[ssimoulds.com/contract.html]
[ssimoulds.com/development.html]
[ssimoulds.com/images/moulds.png]
[ssimoulds.com/moulds.html]
[ssimoulds.com/images/products.png]
[ssimoulds.com/moulding.html]
[ssimoulds.com/images/pvc.png]
[ssimoulds.com/thermoforming.html]
[ssimoulds.com/sunshinebrochure.pdf]
[ssimoulds.com/images/PAGE-1.jpg]
[ssimoulds.com/images/PAGE-2.jpg]
[ssimoulds.com/images/PAGE-3.jpg]
[ssimoulds.com/images/PAGE-4.jpg]
[ssimoulds.com/images/PAGE-5.jpg]
[ssimoulds.com/images/PAGE-6.jpg]
[ssimoulds.com/images/PAGE-7.jpg]
[ssimoulds.com/images/PAGE-8.jpg]
[ssimoulds.com/images/PAGE-9.jpg]
[ssimoulds.com/images/PAGE-10.jpg]
[ssimoulds.com/images/PAGE-11.jpg]
[ssimoulds.com/catalog.html]
[ssimoulds.com/contact.html]
[ssimoulds.com/sitemap.html]
[ssimoulds.com/terms.html]
[ssimoulds.com/developmemt.html]
